19:17:38 **** Incremental Build of configuration Debug for project Lab1_MCU_Clock ****
make -j12 all 
arm-none-eabi-gcc "../Src/main.c" -mcpu=cortex-m3 -std=gnu11 -g3 -DSTM32 -DSTM32F1 -DSTM32F103C8Tx -DDEBUG -c -I../Inc -O0 -ffunction-sections -fdata-sections -Wall -fstack-usage -MMD -MP -MF"Src/main.d" -MT"Src/main.o" --specs=nano.specs -mfloat-abi=soft -mthumb -o "Src/main.o"
arm-none-eabi-gcc -o "Lab1_MCU_Clock.elf" @"objects.list"   -mcpu=cortex-m3 -T"D:\amer khaled\GitHub\Master-Embedded-System\1-First Term\Unit6_MCU_Fundamentals\Lesson3_MCU_Clocks\Lab 1\Lab1_MCU_Clock\STM32F103C8TX_FLASH.ld" --specs=nosys.specs -Wl,-Map="Lab1_MCU_Clock.map" -Wl,--gc-sections -static --specs=nano.specs -mfloat-abi=soft -mthumb -Wl,--start-group -lc -lm -Wl,--end-group
Finished building target: Lab1_MCU_Clock.elf
 
arm-none-eabi-objdump -h -S  Lab1_MCU_Clock.elf  > "Lab1_MCU_Clock.list"
arm-none-eabi-objcopy  -O binary  Lab1_MCU_Clock.elf  "Lab1_MCU_Clock.bin"
arm-none-eabi-size   Lab1_MCU_Clock.elf 
   text	   data	    bss	    dec	    hex	filename
    672	     12	   1564	   2248	    8c8	Lab1_MCU_Clock.elf
Finished building: default.size.stdout
 
Finished building: Lab1_MCU_Clock.bin
Finished building: Lab1_MCU_Clock.list
 
 
