STM32f10C8_EXTI.c:5:6:NVIC_Enable	16	static
STM32f10C8_EXTI.c:41:6:NVIC_Disable	16	static
STM32f10C8_EXTI.c:78:6:MCAL_EXTI_GPIO_Init	24	static
STM32f10C8_EXTI.c:181:6:MCAL_EXTI_GPIO_Update	16	static
STM32f10C8_EXTI.c:193:6:MCAL_EXTI_GPIO_DeInit	4	static
STM32f10C8_EXTI.c:221:6:EXTI0_IRQHandler	8	static
STM32f10C8_EXTI.c:231:6:EXTI1_IRQHandler	8	static
STM32f10C8_EXTI.c:242:6:EXTI2_IRQHandler	8	static
STM32f10C8_EXTI.c:252:6:EXTI3_IRQHandler	8	static
STM32f10C8_EXTI.c:262:6:EXTI4_IRQHandler	8	static
STM32f10C8_EXTI.c:273:6:EXTI9_5_IRQHandler	8	static
STM32f10C8_EXTI.c:322:6:EXTI15_10_IRQHandler	8	static
