
Memory Configuration

Name             Origin             Length             Attributes
FLASH            0x00000000         0x20000000         xr
SRAM             0x20000000         0x20000000         xrw
*default*        0x00000000         0xffffffff

Linker script and memory map


.text           0x00000000      0x1ac
 *(.vectors*)
 .vectors       0x00000000       0x1c startup.o
                0x00000000                vectors_2
 *(.text*)
 .text          0x0000001c       0x94 app.o
                0x0000001c                main
 .text          0x000000b0       0xfc startup.o
                0x000000b0                NMI_Handler
                0x000000b0                UsageFault_Handler
                0x000000b0                BusFault_Handler
                0x000000b0                Default_Handler
                0x000000b0                MemMange_Handler
                0x000000b0                HardFault_Handler
                0x000000bc                Reset_Handler
 *(.rodata)
                0x000001ac                _E_text = .

.glue_7         0x000001ac        0x0
 .glue_7        0x00000000        0x0 linker stubs

.glue_7t        0x000001ac        0x0
 .glue_7t       0x00000000        0x0 linker stubs

.vfp11_veneer   0x000001ac        0x0
 .vfp11_veneer  0x00000000        0x0 linker stubs

.v4_bx          0x000001ac        0x0
 .v4_bx         0x00000000        0x0 linker stubs

.iplt           0x000001ac        0x0
 .iplt          0x00000000        0x0 app.o

.rel.dyn        0x000001ac        0x0
 .rel.iplt      0x00000000        0x0 app.o

.data           0x20000000        0x0 load address 0x000001ac
                0x20000000                _S_data = .
 *(.data)
 .data          0x20000000        0x0 app.o
 .data          0x20000000        0x0 startup.o
                0x20000000                . = ALIGN (0x4)
                0x20000000                _E_data = .

.igot.plt       0x20000000        0x0 load address 0x000001ac
 .igot.plt      0x00000000        0x0 app.o

.bss            0x20000000      0x404 load address 0x000001ac
                0x20000000                _S_bss = .
 *(.bss*)
 .bss           0x20000000        0x0 app.o
 .bss           0x20000000      0x404 startup.o
                0x20000000                i
                0x20000404                _E_bss = .
LOAD app.o
LOAD startup.o
OUTPUT(Learn_In_Depth_CORTEX_M4.elf elf32-littlearm)

.debug_info     0x00000000      0x254
 .debug_info    0x00000000       0xb7 app.o
 .debug_info    0x000000b7      0x19d startup.o

.debug_abbrev   0x00000000      0x14f
 .debug_abbrev  0x00000000       0x69 app.o
 .debug_abbrev  0x00000069       0xe6 startup.o

.debug_loc      0x00000000       0x9c
 .debug_loc     0x00000000       0x38 app.o
 .debug_loc     0x00000038       0x64 startup.o

.debug_aranges  0x00000000       0x40
 .debug_aranges
                0x00000000       0x20 app.o
 .debug_aranges
                0x00000020       0x20 startup.o

.debug_line     0x00000000      0x125
 .debug_line    0x00000000       0x68 app.o
 .debug_line    0x00000068       0xbd startup.o

.debug_str      0x00000000      0x182
 .debug_str     0x00000000       0xda app.o
                                0x10d (size before relaxing)
 .debug_str     0x000000da       0xa8 startup.o
                                0x186 (size before relaxing)

.comment        0x00000000       0x11
 .comment       0x00000000       0x11 app.o
                                 0x12 (size before relaxing)
 .comment       0x00000000       0x12 startup.o

.ARM.attributes
                0x00000000       0x33
 .ARM.attributes
                0x00000000       0x33 app.o
 .ARM.attributes
                0x00000033       0x33 startup.o

.debug_frame    0x00000000       0x78
 .debug_frame   0x00000000       0x2c app.o
 .debug_frame   0x0000002c       0x4c startup.o
