
Allocating common symbols
Common symbol       size              file

arr                 0xc               main.o
_stack_top          0x4               startup.o

Memory Configuration

Name             Origin             Length             Attributes
FLASH            0x08000000         0x00020000         xr
SRAM             0x20000000         0x00005000         xrw
*default*        0x00000000         0xffffffff

Linker script and memory map


.text           0x08000000      0x1d4
 *(.vectors*)
 .vectors       0x08000000       0x1c startup.o
                0x08000000                vectors
 *(.text*)
 .text          0x0800001c       0xbc main.o
                0x0800001c                main
                0x080000cc                MemMange_Handler
 .text          0x080000d8       0xfc startup.o
                0x080000d8                NMI_Handler
                0x080000d8                UsageFault_Handler
                0x080000d8                BusFault_Handler
                0x080000d8                Default_Handler
                0x080000d8                HardFault_Handler
                0x080000e4                Reset_Handler
 *(.rodata)
                0x080001d4                _E_text = .

.glue_7         0x080001d4        0x0
 .glue_7        0x00000000        0x0 linker stubs

.glue_7t        0x080001d4        0x0
 .glue_7t       0x00000000        0x0 linker stubs

.vfp11_veneer   0x080001d4        0x0
 .vfp11_veneer  0x00000000        0x0 linker stubs

.v4_bx          0x080001d4        0x0
 .v4_bx         0x00000000        0x0 linker stubs

.iplt           0x080001d4        0x0
 .iplt          0x00000000        0x0 main.o

.rel.dyn        0x080001d4        0x0
 .rel.iplt      0x00000000        0x0 main.o

.data           0x20000000        0x4 load address 0x080001d4
                0x20000000                _S_data = .
 *(.data)
 .data          0x20000000        0x4 main.o
                0x20000000                R_ODR
 .data          0x20000004        0x0 startup.o
                0x20000004                . = ALIGN (0x4)
                0x20000004                _E_data = .

.igot.plt       0x20000004        0x0 load address 0x080001d8
 .igot.plt      0x00000000        0x0 main.o

.bss            0x20000004     0x1014 load address 0x080001d8
                0x20000004                _S_bss = .
 *(.bss*)
 .bss           0x20000004        0x0 main.o
 .bss           0x20000004        0x4 startup.o
                0x20000004                i
                0x20000008                _E_bss = .
                0x20000008                . = ALIGN (0x4)
                0x20001008                . = (. + 0x1000)
 *fill*         0x20000008     0x1000 
                0x20001008                _stack_top = .
 COMMON         0x20001008        0xc main.o
                0x20001008                arr
 COMMON         0x20001014        0x4 startup.o
LOAD main.o
LOAD startup.o
OUTPUT(Learn_In_Depth_CORTEX_M3.elf elf32-littlearm)

.debug_info     0x00000000      0x303
 .debug_info    0x00000000      0x186 main.o
 .debug_info    0x00000186      0x17d startup.o

.debug_abbrev   0x00000000      0x1cd
 .debug_abbrev  0x00000000      0x107 main.o
 .debug_abbrev  0x00000107       0xc6 startup.o

.debug_loc      0x00000000       0xc8
 .debug_loc     0x00000000       0x64 main.o
 .debug_loc     0x00000064       0x64 startup.o

.debug_aranges  0x00000000       0x40
 .debug_aranges
                0x00000000       0x20 main.o
 .debug_aranges
                0x00000020       0x20 startup.o

.debug_line     0x00000000      0x12a
 .debug_line    0x00000000       0x6d main.o
 .debug_line    0x0000006d       0xbd startup.o

.debug_str      0x00000000      0x1c8
 .debug_str     0x00000000      0x120 main.o
                                0x15a (size before relaxing)
 .debug_str     0x00000120       0xa8 startup.o
                                0x194 (size before relaxing)

.comment        0x00000000       0x11
 .comment       0x00000000       0x11 main.o
                                 0x12 (size before relaxing)
 .comment       0x00000000       0x12 startup.o

.ARM.attributes
                0x00000000       0x33
 .ARM.attributes
                0x00000000       0x33 main.o
 .ARM.attributes
                0x00000033       0x33 startup.o

.debug_frame    0x00000000       0x90
 .debug_frame   0x00000000       0x44 main.o
 .debug_frame   0x00000044       0x4c startup.o
