
Allocating common symbols
Common symbol       size              file

_stack_top          0x4               startup.o

Memory Configuration

Name             Origin             Length             Attributes
FLASH            0x08000000         0x00020000         xr
SRAM             0x20000000         0x00005000         xrw
*default*        0x00000000         0xffffffff

Linker script and memory map


.text           0x08000000      0x254
 *(.vectors*)
 .vectors       0x08000000       0x1c startup.o
                0x08000000                vectors
 *(.text*)
 .text          0x0800001c      0x13c app.o
                0x0800001c                Clock_Init
                0x08000058                main
 .text          0x08000158       0xfc startup.o
                0x08000158                NMI_Handler
                0x08000158                UsageFault_Handler
                0x08000158                BusFault_Handler
                0x08000158                Default_Handler
                0x08000158                MemMange_Handler
                0x08000158                HardFault_Handler
                0x08000164                Reset_Handler
 *(.rodata)
                0x08000254                _E_text = .

.glue_7         0x08000254        0x0
 .glue_7        0x00000000        0x0 linker stubs

.glue_7t        0x08000254        0x0
 .glue_7t       0x00000000        0x0 linker stubs

.vfp11_veneer   0x08000254        0x0
 .vfp11_veneer  0x00000000        0x0 linker stubs

.v4_bx          0x08000254        0x0
 .v4_bx         0x00000000        0x0 linker stubs

.iplt           0x08000254        0x0
 .iplt          0x00000000        0x0 app.o

.rel.dyn        0x08000254        0x0
 .rel.iplt      0x00000000        0x0 app.o

.data           0x20000000        0x0 load address 0x08000254
                0x20000000                _S_data = .
 *(.data)
 .data          0x20000000        0x0 app.o
 .data          0x20000000        0x0 startup.o
                0x20000000                . = ALIGN (0x4)
                0x20000000                _E_data = .

.igot.plt       0x20000000        0x0 load address 0x08000254
 .igot.plt      0x00000000        0x0 app.o

.bss            0x20000000     0x1008 load address 0x08000254
                0x20000000                _S_bss = .
 *(.bss*)
 .bss           0x20000000        0x0 app.o
 .bss           0x20000000        0x4 startup.o
                0x20000000                i
                0x20000004                _E_bss = .
                0x20000004                . = ALIGN (0x4)
                0x20001004                . = (. + 0x1000)
 *fill*         0x20000004     0x1000 
                0x20001004                _stack_top = .
 COMMON         0x20001004        0x4 startup.o
LOAD app.o
LOAD startup.o
OUTPUT(Lab1_GPIOs.elf elf32-littlearm)

.debug_info     0x00000000      0x247
 .debug_info    0x00000000       0xca app.o
 .debug_info    0x000000ca      0x17d startup.o

.debug_abbrev   0x00000000      0x145
 .debug_abbrev  0x00000000       0x7f app.o
 .debug_abbrev  0x0000007f       0xc6 startup.o

.debug_loc      0x00000000       0xc8
 .debug_loc     0x00000000       0x64 app.o
 .debug_loc     0x00000064       0x64 startup.o

.debug_aranges  0x00000000       0x40
 .debug_aranges
                0x00000000       0x20 app.o
 .debug_aranges
                0x00000020       0x20 startup.o

.debug_line     0x00000000      0x12e
 .debug_line    0x00000000       0x71 app.o
 .debug_line    0x00000071       0xbd startup.o

.debug_str      0x00000000      0x14d
 .debug_str     0x00000000       0x9c app.o
                                 0xcf (size before relaxing)
 .debug_str     0x0000009c       0xb1 startup.o
                                0x151 (size before relaxing)

.comment        0x00000000       0x11
 .comment       0x00000000       0x11 app.o
                                 0x12 (size before relaxing)
 .comment       0x00000000       0x12 startup.o

.ARM.attributes
                0x00000000       0x33
 .ARM.attributes
                0x00000000       0x33 app.o
 .ARM.attributes
                0x00000033       0x33 startup.o

.debug_frame    0x00000000       0x94
 .debug_frame   0x00000000       0x48 app.o
 .debug_frame   0x00000048       0x4c startup.o
