00:04:06 **** Incremental Build of configuration Debug for project Lab1_CortexM3_EXTI ****
make -j12 all 
arm-none-eabi-gcc -gdwarf -mcpu=cortex-m3 -g3 -c -x assembler-with-cpp -MMD -MP -MF"Startup/startup_stm32f103c8tx.d" -MT"Startup/startup_stm32f103c8tx.o" --specs=nano.specs -mfloat-abi=soft -mthumb -o "Startup/startup_stm32f103c8tx.o" "../Startup/startup_stm32f103c8tx.s"
arm-none-eabi-gcc -gdwarf "../Src/main.c" -mcpu=cortex-m3 -std=gnu11 -g3 -DSTM32 -DSTM32F1 -DSTM32F103C8Tx -DDEBUG -c -I../Inc -O0 -ffunction-sections -fdata-sections -Wall -fstack-usage -MMD -MP -MF"Src/main.d" -MT"Src/main.o" --specs=nano.specs -mfloat-abi=soft -mthumb -o "Src/main.o"
arm-none-eabi-gcc -gdwarf "../Src/syscalls.c" -mcpu=cortex-m3 -std=gnu11 -g3 -DSTM32 -DSTM32F1 -DSTM32F103C8Tx -DDEBUG -c -I../Inc -O0 -ffunction-sections -fdata-sections -Wall -fstack-usage -MMD -MP -MF"Src/syscalls.d" -MT"Src/syscalls.o" --specs=nano.specs -mfloat-abi=soft -mthumb -o "Src/syscalls.o"
arm-none-eabi-gcc -gdwarf "../Src/sysmem.c" -mcpu=cortex-m3 -std=gnu11 -g3 -DSTM32 -DSTM32F1 -DSTM32F103C8Tx -DDEBUG -c -I../Inc -O0 -ffunction-sections -fdata-sections -Wall -fstack-usage -MMD -MP -MF"Src/sysmem.d" -MT"Src/sysmem.o" --specs=nano.specs -mfloat-abi=soft -mthumb -o "Src/sysmem.o"
arm-none-eabi-gcc -gdwarf -o "Lab1_CortexM3_EXTI.elf" @"objects.list"   -mcpu=cortex-m3 -T"D:\amer khaled\GitHub\Master-Embedded-System\1-First Term\Unit6_MCU_Fundamentals\Lesson4_Interrupt\Lab 1\Lab1_CortexM3_EXTI\STM32F103C8TX_FLASH.ld" --specs=nosys.specs -Wl,-Map="Lab1_CortexM3_EXTI.map" -Wl,--gc-sections -static --specs=nano.specs -mfloat-abi=soft -mthumb -Wl,--start-group -lc -lm -Wl,--end-group
Finished building target: Lab1_CortexM3_EXTI.elf
 
arm-none-eabi-objdump -h -S  Lab1_CortexM3_EXTI.elf  > "Lab1_CortexM3_EXTI.list"
arm-none-eabi-objcopy  -O binary  Lab1_CortexM3_EXTI.elf  "Lab1_CortexM3_EXTI.bin"
arm-none-eabi-size   Lab1_CortexM3_EXTI.elf 
   text	   data	    bss	    dec	    hex	filename
    764	      8	   1568	   2340	    924	Lab1_CortexM3_EXTI.elf
Finished building: default.size.stdout
 
Finished building: Lab1_CortexM3_EXTI.bin
Finished building: Lab1_CortexM3_EXTI.list
 
 

00:04:06 Build Finished. 0 errors, 0 warnings. (took 330ms)

