Archive member included to satisfy reference by file (symbol)

c:/st/stm32cubeide_1.4.0/stm32cubeide/plugins/com.st.stm32cube.ide.mcu.externaltools.gnu-tools-for-stm32.7-2018-q2-update.win32_1.4.0.202007081208/tools/bin/../lib/gcc/arm-none-eabi/7.3.1/../../../../arm-none-eabi/lib/thumb/v7-m\libc_nano.a(lib_a-errno.o)
                              Src/syscalls.o (__errno)
c:/st/stm32cubeide_1.4.0/stm32cubeide/plugins/com.st.stm32cube.ide.mcu.externaltools.gnu-tools-for-stm32.7-2018-q2-update.win32_1.4.0.202007081208/tools/bin/../lib/gcc/arm-none-eabi/7.3.1/../../../../arm-none-eabi/lib/thumb/v7-m\libc_nano.a(lib_a-exit.o)
                              c:/st/stm32cubeide_1.4.0/stm32cubeide/plugins/com.st.stm32cube.ide.mcu.externaltools.gnu-tools-for-stm32.7-2018-q2-update.win32_1.4.0.202007081208/tools/bin/../lib/gcc/arm-none-eabi/7.3.1/../../../../arm-none-eabi/lib/thumb/v7-m/crt0.o (exit)
c:/st/stm32cubeide_1.4.0/stm32cubeide/plugins/com.st.stm32cube.ide.mcu.externaltools.gnu-tools-for-stm32.7-2018-q2-update.win32_1.4.0.202007081208/tools/bin/../lib/gcc/arm-none-eabi/7.3.1/../../../../arm-none-eabi/lib/thumb/v7-m\libc_nano.a(lib_a-impure.o)
                              c:/st/stm32cubeide_1.4.0/stm32cubeide/plugins/com.st.stm32cube.ide.mcu.externaltools.gnu-tools-for-stm32.7-2018-q2-update.win32_1.4.0.202007081208/tools/bin/../lib/gcc/arm-none-eabi/7.3.1/../../../../arm-none-eabi/lib/thumb/v7-m\libc_nano.a(lib_a-exit.o) (_global_impure_ptr)
c:/st/stm32cubeide_1.4.0/stm32cubeide/plugins/com.st.stm32cube.ide.mcu.externaltools.gnu-tools-for-stm32.7-2018-q2-update.win32_1.4.0.202007081208/tools/bin/../lib/gcc/arm-none-eabi/7.3.1/../../../../arm-none-eabi/lib/thumb/v7-m\libc_nano.a(lib_a-init.o)
                              c:/st/stm32cubeide_1.4.0/stm32cubeide/plugins/com.st.stm32cube.ide.mcu.externaltools.gnu-tools-for-stm32.7-2018-q2-update.win32_1.4.0.202007081208/tools/bin/../lib/gcc/arm-none-eabi/7.3.1/../../../../arm-none-eabi/lib/thumb/v7-m/crt0.o (__libc_init_array)
c:/st/stm32cubeide_1.4.0/stm32cubeide/plugins/com.st.stm32cube.ide.mcu.externaltools.gnu-tools-for-stm32.7-2018-q2-update.win32_1.4.0.202007081208/tools/bin/../lib/gcc/arm-none-eabi/7.3.1/../../../../arm-none-eabi/lib/thumb/v7-m\libc_nano.a(lib_a-memset.o)
                              c:/st/stm32cubeide_1.4.0/stm32cubeide/plugins/com.st.stm32cube.ide.mcu.externaltools.gnu-tools-for-stm32.7-2018-q2-update.win32_1.4.0.202007081208/tools/bin/../lib/gcc/arm-none-eabi/7.3.1/../../../../arm-none-eabi/lib/thumb/v7-m/crt0.o (memset)

Allocating common symbols
Common symbol       size              file

Global_SPI_Config2  0x10              STM32F103Cx_Drivers/Implementation/STM32_SPI.o
Global_SPI_Config   0x8               STM32F103Cx_Drivers/Implementation/STM32_SPI.o
dummy_read          0x2               STM32F103Cx_Drivers/Implementation/STM32_I2C.o
Global_SPI_Config1  0x10              STM32F103Cx_Drivers/Implementation/STM32_SPI.o
Global_I2C_Config   0x20              STM32F103Cx_Drivers/Implementation/STM32_I2C.o
GP_IRQ_CallBack     0x3c              STM32F103Cx_Drivers/Implementation/STM32f10C8_EXTI.o

Discarded input sections

 .text          0x0000000000000000        0x0 c:/st/stm32cubeide_1.4.0/stm32cubeide/plugins/com.st.stm32cube.ide.mcu.externaltools.gnu-tools-for-stm32.7-2018-q2-update.win32_1.4.0.202007081208/tools/bin/../lib/gcc/arm-none-eabi/7.3.1/thumb/v7-m/crti.o
 .data          0x0000000000000000        0x0 c:/st/stm32cubeide_1.4.0/stm32cubeide/plugins/com.st.stm32cube.ide.mcu.externaltools.gnu-tools-for-stm32.7-2018-q2-update.win32_1.4.0.202007081208/tools/bin/../lib/gcc/arm-none-eabi/7.3.1/thumb/v7-m/crti.o
 .bss           0x0000000000000000        0x0 c:/st/stm32cubeide_1.4.0/stm32cubeide/plugins/com.st.stm32cube.ide.mcu.externaltools.gnu-tools-for-stm32.7-2018-q2-update.win32_1.4.0.202007081208/tools/bin/../lib/gcc/arm-none-eabi/7.3.1/thumb/v7-m/crti.o
 .data          0x0000000000000000        0x4 c:/st/stm32cubeide_1.4.0/stm32cubeide/plugins/com.st.stm32cube.ide.mcu.externaltools.gnu-tools-for-stm32.7-2018-q2-update.win32_1.4.0.202007081208/tools/bin/../lib/gcc/arm-none-eabi/7.3.1/thumb/v7-m/crtbegin.o
 .text          0x0000000000000000       0x74 c:/st/stm32cubeide_1.4.0/stm32cubeide/plugins/com.st.stm32cube.ide.mcu.externaltools.gnu-tools-for-stm32.7-2018-q2-update.win32_1.4.0.202007081208/tools/bin/../lib/gcc/arm-none-eabi/7.3.1/../../../../arm-none-eabi/lib/thumb/v7-m/crt0.o
 .data          0x0000000000000000        0x0 c:/st/stm32cubeide_1.4.0/stm32cubeide/plugins/com.st.stm32cube.ide.mcu.externaltools.gnu-tools-for-stm32.7-2018-q2-update.win32_1.4.0.202007081208/tools/bin/../lib/gcc/arm-none-eabi/7.3.1/../../../../arm-none-eabi/lib/thumb/v7-m/crt0.o
[...]
Memory Configuration

Name             Origin             Length             Attributes
RAM              0x0000000020000000 0x0000000000002800 xrw
ROM              0x0000000008000000 0x0000000000008000 xr
*default*        0x0000000000000000 0xffffffffffffffff

Linker script and memory map

LOAD c:/st/stm32cubeide_1.4.0/stm32cubeide/plugins/com.st.stm32cube.ide.mcu.externaltools.gnu-tools-for-stm32.7-2018-q2-update.win32_1.4.0.202007081208/tools/bin/../lib/gcc/arm-none-eabi/7.3.1/thumb/v7-m/crti.o
LOAD c:/st/stm32cubeide_1.4.0/stm32cubeide/plugins/com.st.stm32cube.ide.mcu.externaltools.gnu-tools-for-stm32.7-2018-q2-update.win32_1.4.0.202007081208/tools/bin/../lib/gcc/arm-none-eabi/7.3.1/thumb/v7-m/crtbegin.o
LOAD c:/st/stm32cubeide_1.4.0/stm32cubeide/plugins/com.st.stm32cube.ide.mcu.externaltools.gnu-tools-for-stm32.7-2018-q2-update.win32_1.4.0.202007081208/tools/bin/../lib/gcc/arm-none-eabi/7.3.1/../../../../arm-none-eabi/lib/thumb/v7-m/crt0.o
LOAD HAL/Implementation/I2C_Slave_EEPROM.o
LOAD STM32F103Cx_Drivers/Implementation/STM32_GPIO.o
LOAD STM32F103Cx_Drivers/Implementation/STM32_I2C.o
LOAD STM32F103Cx_Drivers/Implementation/STM32_RCC.o
LOAD STM32F103Cx_Drivers/Implementation/STM32_SPI.o
LOAD STM32F103Cx_Drivers/Implementation/STM32_USART.o
LOAD STM32F103Cx_Drivers/Implementation/STM32f10C8_EXTI.o
LOAD Src/main.o
LOAD Src/syscalls.o
LOAD Src/sysmem.o
LOAD Startup/startup_stm32f103c6tx.o
START GROUP
LOAD c:/st/stm32cubeide_1.4.0/stm32cubeide/plugins/com.st.stm32cube.ide.mcu.externaltools.gnu-tools-for-stm32.7-2018-q2-update.win32_1.4.0.202007081208/tools/bin/../lib/gcc/arm-none-eabi/7.3.1/../../../../arm-none-eabi/lib/thumb/v7-m\libc_nano.a
LOAD c:/st/stm32cubeide_1.4.0/stm32cubeide/plugins/com.st.stm32cube.ide.mcu.externaltools.gnu-tools-for-stm32.7-2018-q2-update.win32_1.4.0.202007081208/tools/bin/../lib/gcc/arm-none-eabi/7.3.1/../../../../arm-none-eabi/lib/thumb/v7-m\libm.a
END GROUP
START GROUP
LOAD c:/st/stm32cubeide_1.4.0/stm32cubeide/plugins/com.st.stm32cube.ide.mcu.externaltools.gnu-tools-for-stm32.7-2018-q2-update.win32_1.4.0.202007081208/tools/bin/../lib/gcc/arm-none-eabi/7.3.1/thumb/v7-m\libgcc.a
LOAD c:/st/stm32cubeide_1.4.0/stm32cubeide/plugins/com.st.stm32cube.ide.mcu.externaltools.gnu-tools-for-stm32.7-2018-q2-update.win32_1.4.0.202007081208/tools/bin/../lib/gcc/arm-none-eabi/7.3.1/../../../../arm-none-eabi/lib/thumb/v7-m\libg_nano.a
LOAD c:/st/stm32cubeide_1.4.0/stm32cubeide/plugins/com.st.stm32cube.ide.mcu.externaltools.gnu-tools-for-stm32.7-2018-q2-update.win32_1.4.0.202007081208/tools/bin/../lib/gcc/arm-none-eabi/7.3.1/../../../../arm-none-eabi/lib/thumb/v7-m\libc_nano.a
END GROUP
START GROUP
LOAD c:/st/stm32cubeide_1.4.0/stm32cubeide/plugins/com.st.stm32cube.ide.mcu.externaltools.gnu-tools-for-stm32.7-2018-q2-update.win32_1.4.0.202007081208/tools/bin/../lib/gcc/arm-none-eabi/7.3.1/thumb/v7-m\libgcc.a
LOAD c:/st/stm32cubeide_1.4.0/stm32cubeide/plugins/com.st.stm32cube.ide.mcu.externaltools.gnu-tools-for-stm32.7-2018-q2-update.win32_1.4.0.202007081208/tools/bin/../lib/gcc/arm-none-eabi/7.3.1/../../../../arm-none-eabi/lib/thumb/v7-m\libc_nano.a
LOAD c:/st/stm32cubeide_1.4.0/stm32cubeide/plugins/com.st.stm32cube.ide.mcu.externaltools.gnu-tools-for-stm32.7-2018-q2-update.win32_1.4.0.202007081208/tools/bin/../lib/gcc/arm-none-eabi/7.3.1/../../../../arm-none-eabi/lib/thumb/v7-m\libnosys.a
END GROUP
START GROUP
LOAD c:/st/stm32cubeide_1.4.0/stm32cubeide/plugins/com.st.stm32cube.ide.mcu.externaltools.gnu-tools-for-stm32.7-2018-q2-update.win32_1.4.0.202007081208/tools/bin/../lib/gcc/arm-none-eabi/7.3.1/thumb/v7-m\libgcc.a
LOAD c:/st/stm32cubeide_1.4.0/stm32cubeide/plugins/com.st.stm32cube.ide.mcu.externaltools.gnu-tools-for-stm32.7-2018-q2-update.win32_1.4.0.202007081208/tools/bin/../lib/gcc/arm-none-eabi/7.3.1/../../../../arm-none-eabi/lib/thumb/v7-m\libc_nano.a
LOAD c:/st/stm32cubeide_1.4.0/stm32cubeide/plugins/com.st.stm32cube.ide.mcu.externaltools.gnu-tools-for-stm32.7-2018-q2-update.win32_1.4.0.202007081208/tools/bin/../lib/gcc/arm-none-eabi/7.3.1/../../../../arm-none-eabi/lib/thumb/v7-m\libnosys.a
END GROUP
LOAD c:/st/stm32cubeide_1.4.0/stm32cubeide/plugins/com.st.stm32cube.ide.mcu.externaltools.gnu-tools-for-stm32.7-2018-q2-update.win32_1.4.0.202007081208/tools/bin/../lib/gcc/arm-none-eabi/7.3.1/thumb/v7-m/crtend.o
LOAD c:/st/stm32cubeide_1.4.0/stm32cubeide/plugins/com.st.stm32cube.ide.mcu.externaltools.gnu-tools-for-stm32.7-2018-q2-update.win32_1.4.0.202007081208/tools/bin/../lib/gcc/arm-none-eabi/7.3.1/thumb/v7-m/crtn.o
                0x0000000020002800                _estack = (ORIGIN (RAM) + LENGTH (RAM))
                0x0000000000000200                _Min_Heap_Size = 0x200
                0x0000000000000400                _Min_Stack_Size = 0x400

.isr_vector     0x0000000008000000      0x130
                0x0000000008000000                . = ALIGN (0x4)
 *(.isr_vector)
 .isr_vector    0x0000000008000000      0x130 Startup/startup_stm32f103c6tx.o
                0x0000000008000000                g_pfnVectors
                0x0000000008000130                . = ALIGN (0x4)

.text           0x0000000008000130      0xe98
                0x0000000008000130                . = ALIGN (0x4)
 *(.text)
 .text          0x0000000008000130       0x40 c:/st/stm32cubeide_1.4.0/stm32cubeide/plugins/com.st.stm32cube.ide.mcu.externaltools.gnu-tools-for-stm32.7-2018-q2-update.win32_1.4.0.202007081208/tools/bin/../lib/gcc/arm-none-eabi/7.3.1/thumb/v7-m/crtbegin.o
 *(.text*)
 .text.HAL_EEPROM_Init
                0x0000000008000170       0x3c HAL/Implementation/I2C_Slave_EEPROM.o
                0x0000000008000170                HAL_EEPROM_Init
 .text.HAL_EEPROM_Write_Nbytes
                0x00000000080001ac       0xb0 HAL/Implementation/I2C_Slave_EEPROM.o
                0x00000000080001ac                HAL_EEPROM_Write_Nbytes
 .text.HAL_EEPROM_Read_Nbytes
                0x000000000800025c       0x58 HAL/Implementation/I2C_Slave_EEPROM.o
                0x000000000800025c                HAL_EEPROM_Read_Nbytes
 .text.Get_Position
                0x00000000080002b4       0xa0 STM32F103Cx_Drivers/Implementation/STM32_GPIO.o
                0x00000000080002b4                Get_Position
 .text.MCAL_GPIO_Init
                0x0000000008000354      0x1b4 STM32F103Cx_Drivers/Implementation/STM32_GPIO.o
                0x0000000008000354                MCAL_GPIO_Init
 .text.I2C_Generate_Start
                0x0000000008000508       0x44 STM32F103Cx_Drivers/Implementation/STM32_I2C.o
                0x0000000008000508                I2C_Generate_Start
 .text.I2C_SendAddress
                0x000000000800054c       0x30 STM32F103Cx_Drivers/Implementation/STM32_I2C.o
                0x000000000800054c                I2C_SendAddress
 .text.I2C_Generate_Stop_Condition
                0x000000000800057c       0x1e STM32F103Cx_Drivers/Implementation/STM32_I2C.o
                0x000000000800057c                I2C_Generate_Stop_Condition
 .text.I2C_AcknowledgeConfig
                0x000000000800059a       0x36 STM32F103Cx_Drivers/Implementation/STM32_I2C.o
                0x000000000800059a                I2C_AcknowledgeConfig
 .text.MCAL_I2C_Init
                0x00000000080005d0      0x294 STM32F103Cx_Drivers/Implementation/STM32_I2C.o
                0x00000000080005d0                MCAL_I2C_Init
 .text.MCAL_I2C_GPIO_SetPin
                0x0000000008000864       0x90 STM32F103Cx_Drivers/Implementation/STM32_I2C.o
                0x0000000008000864                MCAL_I2C_GPIO_SetPin
 .text.MCAL_I2C_Trasmitt
                0x00000000080008f4       0xd4 STM32F103Cx_Drivers/Implementation/STM32_I2C.o
                0x00000000080008f4                MCAL_I2C_Trasmitt
 .text.MCAL_I2C_Receive
                0x00000000080009c8       0xbc STM32F103Cx_Drivers/Implementation/STM32_I2C.o
                0x00000000080009c8                MCAL_I2C_Receive
 .text.MCAL_RCC_GetSYSCLK_Freq
                0x0000000008000a84       0x4c STM32F103Cx_Drivers/Implementation/STM32_RCC.o
                0x0000000008000a84                MCAL_RCC_GetSYSCLK_Freq
 .text.MCAL_RCC_GetHCLK_Freq
                0x0000000008000ad0       0x28 STM32F103Cx_Drivers/Implementation/STM32_RCC.o
                0x0000000008000ad0                MCAL_RCC_GetHCLK_Freq
 .text.MCAL_RCC_GetPCLK1_Freq
                0x0000000008000af8       0x28 STM32F103Cx_Drivers/Implementation/STM32_RCC.o
                0x0000000008000af8                MCAL_RCC_GetPCLK1_Freq
 .text.SPI1_IRQHandler
                0x0000000008000b20       0x5c STM32F103Cx_Drivers/Implementation/STM32_SPI.o
                0x0000000008000b20                SPI1_IRQHandler
 .text.SPI2_IRQHandler
                0x0000000008000b7c       0x5c STM32F103Cx_Drivers/Implementation/STM32_SPI.o
                0x0000000008000b7c                SPI2_IRQHandler
 .text.USART1_IRQHandler
                0x0000000008000bd8       0x14 STM32F103Cx_Drivers/Implementation/STM32_USART.o
                0x0000000008000bd8                USART1_IRQHandler
 .text.USART2_IRQHandler
                0x0000000008000bec       0x14 STM32F103Cx_Drivers/Implementation/STM32_USART.o
                0x0000000008000bec                USART2_IRQHandler
 .text.USART3_IRQHandler
                0x0000000008000c00       0x14 STM32F103Cx_Drivers/Implementation/STM32_USART.o
                0x0000000008000c00                USART3_IRQHandler
 .text.EXTI0_IRQHandler
                0x0000000008000c14       0x24 STM32F103Cx_Drivers/Implementation/STM32f10C8_EXTI.o
                0x0000000008000c14                EXTI0_IRQHandler
 .text.EXTI1_IRQHandler
                0x0000000008000c38       0x24 STM32F103Cx_Drivers/Implementation/STM32f10C8_EXTI.o
                0x0000000008000c38                EXTI1_IRQHandler
 .text.EXTI2_IRQHandler
                0x0000000008000c5c       0x24 STM32F103Cx_Drivers/Implementation/STM32f10C8_EXTI.o
                0x0000000008000c5c                EXTI2_IRQHandler
 .text.EXTI3_IRQHandler
                0x0000000008000c80       0x24 STM32F103Cx_Drivers/Implementation/STM32f10C8_EXTI.o
                0x0000000008000c80                EXTI3_IRQHandler
 .text.EXTI4_IRQHandler
                0x0000000008000ca4       0x24 STM32F103Cx_Drivers/Implementation/STM32f10C8_EXTI.o
                0x0000000008000ca4                EXTI4_IRQHandler
 .text.EXTI9_5_IRQHandler
                0x0000000008000cc8       0xb0 STM32F103Cx_Drivers/Implementation/STM32f10C8_EXTI.o
                0x0000000008000cc8                EXTI9_5_IRQHandler
 .text.EXTI15_10_IRQHandler
                0x0000000008000d78       0xd0 STM32F103Cx_Drivers/Implementation/STM32f10C8_EXTI.o
                0x0000000008000d78                EXTI15_10_IRQHandler
 .text.Clock_Init
                0x0000000008000e48       0x40 Src/main.o
                0x0000000008000e48                Clock_Init
 .text.main     0x0000000008000e88       0x7c Src/main.o
                0x0000000008000e88                main
 .text.Reset_Handler
                0x0000000008000f04       0x50 Startup/startup_stm32f103c6tx.o
                0x0000000008000f04                Reset_Handler
 .text.Default_Handler
                0x0000000008000f54        0x2 Startup/startup_stm32f103c6tx.o
                0x0000000008000f54                TIM8_TRG_COM_IRQHandler
                0x0000000008000f54                TIM8_CC_IRQHandler
                0x0000000008000f54                DebugMon_Handler
                0x0000000008000f54                TIM1_CC_IRQHandler
                0x0000000008000f54                HardFault_Handler
                0x0000000008000f54                TIM6_IRQHandler
                0x0000000008000f54                SysTick_Handler
                0x0000000008000f54                PVD_IRQHandler
                0x0000000008000f54                SDIO_IRQHandler
                0x0000000008000f54                PendSV_Handler
                0x0000000008000f54                NMI_Handler
                0x0000000008000f54                USB_HP_CAN_TX_IRQHandler
                0x0000000008000f54                I2C2_EV_IRQHandler
                0x0000000008000f54                UsageFault_Handler
                0x0000000008000f54                ADC1_2_IRQHandler
                0x0000000008000f54                CAN_SCE_IRQHandler
                0x0000000008000f54                TAMPER_IRQHandler
                0x0000000008000f54                TIM8_UP_IRQHandler
                0x0000000008000f54                DMA2_Channel2_IRQHandler
                0x0000000008000f54                DMA1_Channel4_IRQHandler
                0x0000000008000f54                RTC_IRQHandler
                0x0000000008000f54                DMA1_Channel7_IRQHandler
                0x0000000008000f54                UART5_IRQHandler
                0x0000000008000f54                ADC3_IRQHandler
                0x0000000008000f54                TIM4_IRQHandler
                0x0000000008000f54                CAN_RX1_IRQHandler
                0x0000000008000f54                DMA2_Channel1_IRQHandler
                0x0000000008000f54                I2C1_EV_IRQHandler
                0x0000000008000f54                DMA1_Channel6_IRQHandler
                0x0000000008000f54                UART4_IRQHandler
                0x0000000008000f54                TIM3_IRQHandler
                0x0000000008000f54                RCC_IRQHandler
                0x0000000008000f54                TIM1_TRG_COM_IRQHandler
                0x0000000008000f54                DMA1_Channel1_IRQHandler
                0x0000000008000f54                Default_Handler
                0x0000000008000f54                TIM7_IRQHandler
                0x0000000008000f54                TIM5_IRQHandler
                0x0000000008000f54                USB_LP_CAN_RX0_IRQHandler
                0x0000000008000f54                MemManage_Handler
                0x0000000008000f54                SVC_Handler
                0x0000000008000f54                DMA1_Channel5_IRQHandler
                0x0000000008000f54                DMA1_Channel3_IRQHandler
                0x0000000008000f54                FSMC_IRQHandler
                0x0000000008000f54                TIM1_UP_IRQHandler
                0x0000000008000f54                WWDG_IRQHandler
                0x0000000008000f54                TIM2_IRQHandler
                0x0000000008000f54                TIM1_BRK_IRQHandler
                0x0000000008000f54                RTCAlarm_IRQHandler
                0x0000000008000f54                DMA2_Channel4_5_IRQHandler
                0x0000000008000f54                I2C2_ER_IRQHandler
                0x0000000008000f54                DMA1_Channel2_IRQHandler
                0x0000000008000f54                TIM8_BRK_IRQHandler
                0x0000000008000f54                FLASH_IRQHandler
                0x0000000008000f54                BusFault_Handler
                0x0000000008000f54                SPI3_IRQHandler
                0x0000000008000f54                I2C1_ER_IRQHandler
                0x0000000008000f54                DMA2_Channel3_IRQHandler
 *fill*         0x0000000008000f56        0x2 
 .text.__libc_init_array
                0x0000000008000f58       0x48 c:/st/stm32cubeide_1.4.0/stm32cubeide/plugins/com.st.stm32cube.ide.mcu.externaltools.gnu-tools-for-stm32.7-2018-q2-update.win32_1.4.0.202007081208/tools/bin/../lib/gcc/arm-none-eabi/7.3.1/../../../../arm-none-eabi/lib/thumb/v7-m\libc_nano.a(lib_a-init.o)
                0x0000000008000f58                __libc_init_array
 .text.memset   0x0000000008000fa0       0x10 c:/st/stm32cubeide_1.4.0/stm32cubeide/plugins/com.st.stm32cube.ide.mcu.externaltools.gnu-tools-for-stm32.7-2018-q2-update.win32_1.4.0.202007081208/tools/bin/../lib/gcc/arm-none-eabi/7.3.1/../../../../arm-none-eabi/lib/thumb/v7-m\libc_nano.a(lib_a-memset.o)
                0x0000000008000fa0                memset
 *(.glue_7)
 .glue_7        0x0000000008000fb0        0x0 linker stubs
 *(.glue_7t)
 .glue_7t       0x0000000008000fb0        0x0 linker stubs
 *(.eh_frame)
 .eh_frame      0x0000000008000fb0        0x0 c:/st/stm32cubeide_1.4.0/stm32cubeide/plugins/com.st.stm32cube.ide.mcu.externaltools.gnu-tools-for-stm32.7-2018-q2-update.win32_1.4.0.202007081208/tools/bin/../lib/gcc/arm-none-eabi/7.3.1/thumb/v7-m/crtbegin.o
 *(.init)
 .init          0x0000000008000fb0        0x4 c:/st/stm32cubeide_1.4.0/stm32cubeide/plugins/com.st.stm32cube.ide.mcu.externaltools.gnu-tools-for-stm32.7-2018-q2-update.win32_1.4.0.202007081208/tools/bin/../lib/gcc/arm-none-eabi/7.3.1/thumb/v7-m/crti.o
                0x0000000008000fb0                _init
 .init          0x0000000008000fb4        0x8 c:/st/stm32cubeide_1.4.0/stm32cubeide/plugins/com.st.stm32cube.ide.mcu.externaltools.gnu-tools-for-stm32.7-2018-q2-update.win32_1.4.0.202007081208/tools/bin/../lib/gcc/arm-none-eabi/7.3.1/thumb/v7-m/crtn.o
 *(.fini)
 .fini          0x0000000008000fbc        0x4 c:/st/stm32cubeide_1.4.0/stm32cubeide/plugins/com.st.stm32cube.ide.mcu.externaltools.gnu-tools-for-stm32.7-2018-q2-update.win32_1.4.0.202007081208/tools/bin/../lib/gcc/arm-none-eabi/7.3.1/thumb/v7-m/crti.o
                0x0000000008000fbc                _fini
 .fini          0x0000000008000fc0        0x8 c:/st/stm32cubeide_1.4.0/stm32cubeide/plugins/com.st.stm32cube.ide.mcu.externaltools.gnu-tools-for-stm32.7-2018-q2-update.win32_1.4.0.202007081208/tools/bin/../lib/gcc/arm-none-eabi/7.3.1/thumb/v7-m/crtn.o
                0x0000000008000fc8                . = ALIGN (0x4)
                0x0000000008000fc8                _etext = .

.vfp11_veneer   0x0000000008000fc8        0x0
 .vfp11_veneer  0x0000000008000fc8        0x0 linker stubs

.v4_bx          0x0000000008000fc8        0x0
 .v4_bx         0x0000000008000fc8        0x0 linker stubs

.iplt           0x0000000008000fc8        0x0
 .iplt          0x0000000008000fc8        0x0 c:/st/stm32cubeide_1.4.0/stm32cubeide/plugins/com.st.stm32cube.ide.mcu.externaltools.gnu-tools-for-stm32.7-2018-q2-update.win32_1.4.0.202007081208/tools/bin/../lib/gcc/arm-none-eabi/7.3.1/thumb/v7-m/crtbegin.o

.rodata         0x0000000008000fc8       0x20
                0x0000000008000fc8                . = ALIGN (0x4)
 *(.rodata)
 .rodata        0x0000000008000fc8        0x7 Src/main.o
 *(.rodata*)
 *fill*         0x0000000008000fcf        0x1 
 .rodata.APB1_Prescaler
                0x0000000008000fd0        0x8 STM32F103Cx_Drivers/Implementation/STM32_RCC.o
                0x0000000008000fd0                APB1_Prescaler
 .rodata.AHB_Prescaler
                0x0000000008000fd8       0x10 STM32F103Cx_Drivers/Implementation/STM32_RCC.o
                0x0000000008000fd8                AHB_Prescaler
                0x0000000008000fe8                . = ALIGN (0x4)

.rel.dyn        0x0000000008000fe8        0x0
 .rel.iplt      0x0000000008000fe8        0x0 c:/st/stm32cubeide_1.4.0/stm32cubeide/plugins/com.st.stm32cube.ide.mcu.externaltools.gnu-tools-for-stm32.7-2018-q2-update.win32_1.4.0.202007081208/tools/bin/../lib/gcc/arm-none-eabi/7.3.1/thumb/v7-m/crtbegin.o

.ARM.extab      0x0000000008000fe8        0x0
                0x0000000008000fe8                . = ALIGN (0x4)
 *(.ARM.extab* .gnu.linkonce.armextab.*)
                0x0000000008000fe8                . = ALIGN (0x4)

.ARM            0x0000000008000fe8        0x0
                0x0000000008000fe8                . = ALIGN (0x4)
                0x0000000008000fe8                __exidx_start = .
 *(.ARM.exidx*)
                0x0000000008000fe8                __exidx_end = .
                0x0000000008000fe8                . = ALIGN (0x4)

.preinit_array  0x0000000008000fe8        0x0
                0x0000000008000fe8                . = ALIGN (0x4)
                0x0000000008000fe8                PROVIDE (__preinit_array_start = .)
 *(.preinit_array*)
                0x0000000008000fe8                PROVIDE (__preinit_array_end = .)
                0x0000000008000fe8                . = ALIGN (0x4)

.init_array     0x0000000008000fe8        0x4
                0x0000000008000fe8                . = ALIGN (0x4)
                0x0000000008000fe8                PROVIDE (__init_array_start = .)
 *(SORT_BY_NAME(.init_array.*))
 *(.init_array*)
 .init_array    0x0000000008000fe8        0x4 c:/st/stm32cubeide_1.4.0/stm32cubeide/plugins/com.st.stm32cube.ide.mcu.externaltools.gnu-tools-for-stm32.7-2018-q2-update.win32_1.4.0.202007081208/tools/bin/../lib/gcc/arm-none-eabi/7.3.1/thumb/v7-m/crtbegin.o
                0x0000000008000fec                PROVIDE (__init_array_end = .)
                0x0000000008000fec                . = ALIGN (0x4)

.fini_array     0x0000000008000fec        0x4
                0x0000000008000fec                . = ALIGN (0x4)
                [!provide]                        PROVIDE (__fini_array_start = .)
 *(SORT_BY_NAME(.fini_array.*))
 *(.fini_array*)
 .fini_array    0x0000000008000fec        0x4 c:/st/stm32cubeide_1.4.0/stm32cubeide/plugins/com.st.stm32cube.ide.mcu.externaltools.gnu-tools-for-stm32.7-2018-q2-update.win32_1.4.0.202007081208/tools/bin/../lib/gcc/arm-none-eabi/7.3.1/thumb/v7-m/crtbegin.o
                [!provide]                        PROVIDE (__fini_array_end = .)
                0x0000000008000ff0                . = ALIGN (0x4)
                0x0000000008000ff0                _sidata = LOADADDR (.data)

.data           0x0000000020000000        0x0 load address 0x0000000008000ff0
                0x0000000020000000                . = ALIGN (0x4)
                0x0000000020000000                _sdata = .
 *(.data)
 *(.data*)
                0x0000000020000000                . = ALIGN (0x4)
                0x0000000020000000                _edata = .

.igot.plt       0x0000000020000000        0x0 load address 0x0000000008000ff0
 .igot.plt      0x0000000020000000        0x0 c:/st/stm32cubeide_1.4.0/stm32cubeide/plugins/com.st.stm32cube.ide.mcu.externaltools.gnu-tools-for-stm32.7-2018-q2-update.win32_1.4.0.202007081208/tools/bin/../lib/gcc/arm-none-eabi/7.3.1/thumb/v7-m/crtbegin.o
                0x0000000020000000                . = ALIGN (0x4)

.bss            0x0000000020000000       0xb0 load address 0x0000000008000ff0
                0x0000000020000000                _sbss = .
                0x0000000020000000                __bss_start__ = _sbss
 *(.bss)
 .bss           0x0000000020000000       0x1c c:/st/stm32cubeide_1.4.0/stm32cubeide/plugins/com.st.stm32cube.ide.mcu.externaltools.gnu-tools-for-stm32.7-2018-q2-update.win32_1.4.0.202007081208/tools/bin/../lib/gcc/arm-none-eabi/7.3.1/thumb/v7-m/crtbegin.o
 *(.bss*)
 .bss.GP_USART1_Config
                0x000000002000001c        0x4 STM32F103Cx_Drivers/Implementation/STM32_USART.o
                0x000000002000001c                GP_USART1_Config
 .bss.GP_USART2_Config
                0x0000000020000020        0x4 STM32F103Cx_Drivers/Implementation/STM32_USART.o
                0x0000000020000020                GP_USART2_Config
 .bss.GP_USART3_Config
                0x0000000020000024        0x4 STM32F103Cx_Drivers/Implementation/STM32_USART.o
                0x0000000020000024                GP_USART3_Config
 *(COMMON)
 COMMON         0x0000000020000028       0x24 STM32F103Cx_Drivers/Implementation/STM32_I2C.o
                0x0000000020000028                dummy_read
                0x000000002000002c                Global_I2C_Config
 COMMON         0x000000002000004c       0x28 STM32F103Cx_Drivers/Implementation/STM32_SPI.o
                0x000000002000004c                Global_SPI_Config2
                0x000000002000005c                Global_SPI_Config
                0x0000000020000064                Global_SPI_Config1
 COMMON         0x0000000020000074       0x3c STM32F103Cx_Drivers/Implementation/STM32f10C8_EXTI.o
                0x0000000020000074                GP_IRQ_CallBack
                0x00000000200000b0                . = ALIGN (0x4)
                0x00000000200000b0                _ebss = .
                0x00000000200000b0                __bss_end__ = _ebss

._user_heap_stack
                0x00000000200000b0      0x600 load address 0x0000000008000ff0
                0x00000000200000b0                . = ALIGN (0x8)
                [!provide]                        PROVIDE (end = .)
                0x00000000200000b0                PROVIDE (_end = .)
                0x00000000200002b0                . = (. + _Min_Heap_Size)
 *fill*         0x00000000200000b0      0x200 
                0x00000000200006b0                . = (. + _Min_Stack_Size)
 *fill*         0x00000000200002b0      0x400 
                0x00000000200006b0                . = ALIGN (0x8)

/DISCARD/
 libc.a(*)
 libm.a(*)
 libgcc.a(*)

.ARM.attributes
                0x0000000000000000       0x29
 *(.ARM.attributes)
 .ARM.attributes
                0x0000000000000000       0x1d c:/st/stm32cubeide_1.4.0/stm32cubeide/plugins/com.st.stm32cube.ide.mcu.externaltools.gnu-tools-for-stm32.7-2018-q2-update.win32_1.4.0.202007081208/tools/bin/../lib/gcc/arm-none-eabi/7.3.1/thumb/v7-m/crti.o
 .ARM.attributes
                0x000000000000001d       0x2d c:/st/stm32cubeide_1.4.0/stm32cubeide/plugins/com.st.stm32cube.ide.mcu.externaltools.gnu-tools-for-stm32.7-2018-q2-update.win32_1.4.0.202007081208/tools/bin/../lib/gcc/arm-none-eabi/7.3.1/thumb/v7-m/crtbegin.o
 .ARM.attributes
                0x000000000000004a       0x33 HAL/Implementation/I2C_Slave_EEPROM.o
 .ARM.attributes
                0x000000000000007d       0x33 STM32F103Cx_Drivers/Implementation/STM32_GPIO.o
 .ARM.attributes
                0x00000000000000b0       0x33 STM32F103Cx_Drivers/Implementation/STM32_I2C.o
 .ARM.attributes
                0x00000000000000e3       0x33 STM32F103Cx_Drivers/Implementation/STM32_RCC.o
 .ARM.attributes
                0x0000000000000116       0x33 STM32F103Cx_Drivers/Implementation/STM32_SPI.o
 .ARM.attributes
                0x0000000000000149       0x33 STM32F103Cx_Drivers/Implementation/STM32_USART.o
 .ARM.attributes
                0x000000000000017c       0x33 STM32F103Cx_Drivers/Implementation/STM32f10C8_EXTI.o
 .ARM.attributes
                0x00000000000001af       0x33 Src/main.o
 .ARM.attributes
                0x00000000000001e2       0x21 Startup/startup_stm32f103c6tx.o
 .ARM.attributes
                0x0000000000000203       0x2d c:/st/stm32cubeide_1.4.0/stm32cubeide/plugins/com.st.stm32cube.ide.mcu.externaltools.gnu-tools-for-stm32.7-2018-q2-update.win32_1.4.0.202007081208/tools/bin/../lib/gcc/arm-none-eabi/7.3.1/../../../../arm-none-eabi/lib/thumb/v7-m\libc_nano.a(lib_a-init.o)
 .ARM.attributes
                0x0000000000000230       0x2d c:/st/stm32cubeide_1.4.0/stm32cubeide/plugins/com.st.stm32cube.ide.mcu.externaltools.gnu-tools-for-stm32.7-2018-q2-update.win32_1.4.0.202007081208/tools/bin/../lib/gcc/arm-none-eabi/7.3.1/../../../../arm-none-eabi/lib/thumb/v7-m\libc_nano.a(lib_a-memset.o)
 .ARM.attributes
                0x000000000000025d       0x1d c:/st/stm32cubeide_1.4.0/stm32cubeide/plugins/com.st.stm32cube.ide.mcu.externaltools.gnu-tools-for-stm32.7-2018-q2-update.win32_1.4.0.202007081208/tools/bin/../lib/gcc/arm-none-eabi/7.3.1/thumb/v7-m/crtn.o
OUTPUT(Test_I2C_Driver.elf elf32-littlearm)

.debug_info     0x0000000000000000     0x6ca7
 .debug_info    0x0000000000000000      0xc8a HAL/Implementation/I2C_Slave_EEPROM.o
 .debug_info    0x0000000000000c8a      0xe6e STM32F103Cx_Drivers/Implementation/STM32_GPIO.o
 .debug_info    0x0000000000001af8     0x104e STM32F103Cx_Drivers/Implementation/STM32_I2C.o
 .debug_info    0x0000000000002b46      0xb2b STM32F103Cx_Drivers/Implementation/STM32_RCC.o
 .debug_info    0x0000000000003671      0xf24 STM32F103Cx_Drivers/Implementation/STM32_SPI.o
 .debug_info    0x0000000000004595      0xea8 STM32F103Cx_Drivers/Implementation/STM32_USART.o
 .debug_info    0x000000000000543d      0xd98 STM32F103Cx_Drivers/Implementation/STM32f10C8_EXTI.o
 .debug_info    0x00000000000061d5      0xab0 Src/main.o
 .debug_info    0x0000000000006c85       0x22 Startup/startup_stm32f103c6tx.o

.debug_abbrev   0x0000000000000000     0x10ad
 .debug_abbrev  0x0000000000000000      0x1d1 HAL/Implementation/I2C_Slave_EEPROM.o
 .debug_abbrev  0x00000000000001d1      0x24e STM32F103Cx_Drivers/Implementation/STM32_GPIO.o
 .debug_abbrev  0x000000000000041f      0x25b STM32F103Cx_Drivers/Implementation/STM32_I2C.o
 .debug_abbrev  0x000000000000067a      0x1aa STM32F103Cx_Drivers/Implementation/STM32_RCC.o
 .debug_abbrev  0x0000000000000824      0x235 STM32F103Cx_Drivers/Implementation/STM32_SPI.o
 .debug_abbrev  0x0000000000000a59      0x290 STM32F103Cx_Drivers/Implementation/STM32_USART.o
 .debug_abbrev  0x0000000000000ce9      0x219 STM32F103Cx_Drivers/Implementation/STM32f10C8_EXTI.o
 .debug_abbrev  0x0000000000000f02      0x199 Src/main.o
 .debug_abbrev  0x000000000000109b       0x12 Startup/startup_stm32f103c6tx.o

.debug_loc      0x0000000000000000     0x125e
 .debug_loc     0x0000000000000000       0xf2 HAL/Implementation/I2C_Slave_EEPROM.o
 .debug_loc     0x00000000000000f2      0x4f0 STM32F103Cx_Drivers/Implementation/STM32_GPIO.o
 .debug_loc     0x00000000000005e2      0x30c STM32F103Cx_Drivers/Implementation/STM32_I2C.o
 .debug_loc     0x00000000000008ee       0xe0 STM32F103Cx_Drivers/Implementation/STM32_RCC.o
 .debug_loc     0x00000000000009ce      0x2bc STM32F103Cx_Drivers/Implementation/STM32_SPI.o
 .debug_loc     0x0000000000000c8a      0x288 STM32F103Cx_Drivers/Implementation/STM32_USART.o
 .debug_loc     0x0000000000000f12      0x2d0 STM32F103Cx_Drivers/Implementation/STM32f10C8_EXTI.o
 .debug_loc     0x00000000000011e2       0x7c Src/main.o

.debug_aranges  0x0000000000000000      0x2d0
 .debug_aranges
                0x0000000000000000       0x30 HAL/Implementation/I2C_Slave_EEPROM.o
 .debug_aranges
                0x0000000000000030       0x88 STM32F103Cx_Drivers/Implementation/STM32_GPIO.o
 .debug_aranges
                0x00000000000000b8       0x60 STM32F103Cx_Drivers/Implementation/STM32_I2C.o
 .debug_aranges
                0x0000000000000118       0x38 STM32F103Cx_Drivers/Implementation/STM32_RCC.o
 .debug_aranges
                0x0000000000000150       0x58 STM32F103Cx_Drivers/Implementation/STM32_SPI.o
 .debug_aranges
                0x00000000000001a8       0x60 STM32F103Cx_Drivers/Implementation/STM32_USART.o
 .debug_aranges
                0x0000000000000208       0x78 STM32F103Cx_Drivers/Implementation/STM32f10C8_EXTI.o
 .debug_aranges
                0x0000000000000280       0x28 Src/main.o
 .debug_aranges
                0x00000000000002a8       0x28 Startup/startup_stm32f103c6tx.o

.debug_ranges   0x0000000000000000      0x248
 .debug_ranges  0x0000000000000000       0x20 HAL/Implementation/I2C_Slave_EEPROM.o
 .debug_ranges  0x0000000000000020       0x78 STM32F103Cx_Drivers/Implementation/STM32_GPIO.o
 .debug_ranges  0x0000000000000098       0x50 STM32F103Cx_Drivers/Implementation/STM32_I2C.o
 .debug_ranges  0x00000000000000e8       0x28 STM32F103Cx_Drivers/Implementation/STM32_RCC.o
 .debug_ranges  0x0000000000000110       0x48 STM32F103Cx_Drivers/Implementation/STM32_SPI.o
 .debug_ranges  0x0000000000000158       0x50 STM32F103Cx_Drivers/Implementation/STM32_USART.o
 .debug_ranges  0x00000000000001a8       0x68 STM32F103Cx_Drivers/Implementation/STM32f10C8_EXTI.o
 .debug_ranges  0x0000000000000210       0x18 Src/main.o
 .debug_ranges  0x0000000000000228       0x20 Startup/startup_stm32f103c6tx.o

.debug_macro    0x0000000000000000     0x2f0b
 .debug_macro   0x0000000000000000      0x161 HAL/Implementation/I2C_Slave_EEPROM.o
 .debug_macro   0x0000000000000161      0xa60 HAL/Implementation/I2C_Slave_EEPROM.o
 .debug_macro   0x0000000000000bc1       0x18 HAL/Implementation/I2C_Slave_EEPROM.o
 .debug_macro   0x0000000000000bd9       0x22 HAL/Implementation/I2C_Slave_EEPROM.o
 .debug_macro   0x0000000000000bfb       0x40 HAL/Implementation/I2C_Slave_EEPROM.o
 .debug_macro   0x0000000000000c3b       0x94 HAL/Implementation/I2C_Slave_EEPROM.o
 .debug_macro   0x0000000000000ccf       0x3c HAL/Implementation/I2C_Slave_EEPROM.o
 .debug_macro   0x0000000000000d0b       0x34 HAL/Implementation/I2C_Slave_EEPROM.o
 .debug_macro   0x0000000000000d3f       0x16 HAL/Implementation/I2C_Slave_EEPROM.o
 .debug_macro   0x0000000000000d55      0x10e HAL/Implementation/I2C_Slave_EEPROM.o
 .debug_macro   0x0000000000000e63       0x8d HAL/Implementation/I2C_Slave_EEPROM.o
 .debug_macro   0x0000000000000ef0       0x57 HAL/Implementation/I2C_Slave_EEPROM.o
 .debug_macro   0x0000000000000f47       0x52 HAL/Implementation/I2C_Slave_EEPROM.o
 .debug_macro   0x0000000000000f99       0x1f HAL/Implementation/I2C_Slave_EEPROM.o
 .debug_macro   0x0000000000000fb8       0x43 HAL/Implementation/I2C_Slave_EEPROM.o
 .debug_macro   0x0000000000000ffb       0x20 HAL/Implementation/I2C_Slave_EEPROM.o
 .debug_macro   0x000000000000101b      0x1a3 HAL/Implementation/I2C_Slave_EEPROM.o
 .debug_macro   0x00000000000011be      0x330 HAL/Implementation/I2C_Slave_EEPROM.o
 .debug_macro   0x00000000000014ee       0x16 HAL/Implementation/I2C_Slave_EEPROM.o
 .debug_macro   0x0000000000001504       0x29 HAL/Implementation/I2C_Slave_EEPROM.o
 .debug_macro   0x000000000000152d       0xef HAL/Implementation/I2C_Slave_EEPROM.o
 .debug_macro   0x000000000000161c       0x6a HAL/Implementation/I2C_Slave_EEPROM.o
 .debug_macro   0x0000000000001686      0x1df HAL/Implementation/I2C_Slave_EEPROM.o
 .debug_macro   0x0000000000001865      0x70c HAL/Implementation/I2C_Slave_EEPROM.o
 .debug_macro   0x0000000000001f71       0xd0 HAL/Implementation/I2C_Slave_EEPROM.o
 .debug_macro   0x0000000000002041       0x1c HAL/Implementation/I2C_Slave_EEPROM.o
 .debug_macro   0x000000000000205d       0x82 HAL/Implementation/I2C_Slave_EEPROM.o
 .debug_macro   0x00000000000020df      0x13f STM32F103Cx_Drivers/Implementation/STM32_GPIO.o
 .debug_macro   0x000000000000221e       0xca STM32F103Cx_Drivers/Implementation/STM32_GPIO.o
 .debug_macro   0x00000000000022e8      0x15d STM32F103Cx_Drivers/Implementation/STM32_I2C.o
 .debug_macro   0x0000000000002445      0x14c STM32F103Cx_Drivers/Implementation/STM32_RCC.o
 .debug_macro   0x0000000000002591       0x16 STM32F103Cx_Drivers/Implementation/STM32_RCC.o
 .debug_macro   0x00000000000025a7      0x16c STM32F103Cx_Drivers/Implementation/STM32_SPI.o
 .debug_macro   0x0000000000002713       0xdd STM32F103Cx_Drivers/Implementation/STM32_SPI.o
 .debug_macro   0x00000000000027f0      0x15b STM32F103Cx_Drivers/Implementation/STM32_USART.o
 .debug_macro   0x000000000000294b       0xdc STM32F103Cx_Drivers/Implementation/STM32_USART.o
 .debug_macro   0x0000000000002a27      0x14e STM32F103Cx_Drivers/Implementation/STM32f10C8_EXTI.o
 .debug_macro   0x0000000000002b75      0x228 STM32F103Cx_Drivers/Implementation/STM32f10C8_EXTI.o
 .debug_macro   0x0000000000002d9d      0x15e Src/main.o
 .debug_macro   0x0000000000002efb       0x10 Src/main.o

.debug_line     0x0000000000000000     0x35f1
 .debug_line    0x0000000000000000      0x657 HAL/Implementation/I2C_Slave_EEPROM.o
 .debug_line    0x0000000000000657      0x706 STM32F103Cx_Drivers/Implementation/STM32_GPIO.o
 .debug_line    0x0000000000000d5d      0x72f STM32F103Cx_Drivers/Implementation/STM32_I2C.o
 .debug_line    0x000000000000148c      0x5ce STM32F103Cx_Drivers/Implementation/STM32_RCC.o
 .debug_line    0x0000000000001a5a      0x705 STM32F103Cx_Drivers/Implementation/STM32_SPI.o
 .debug_line    0x000000000000215f      0x719 STM32F103Cx_Drivers/Implementation/STM32_USART.o
 .debug_line    0x0000000000002878      0x6db STM32F103Cx_Drivers/Implementation/STM32f10C8_EXTI.o
 .debug_line    0x0000000000002f53      0x61a Src/main.o
 .debug_line    0x000000000000356d       0x84 Startup/startup_stm32f103c6tx.o

.debug_str      0x0000000000000000     0xc101
 .debug_str     0x0000000000000000     0x98c9 HAL/Implementation/I2C_Slave_EEPROM.o
                                       0x9b51 (size before relaxing)
 .debug_str     0x00000000000098c9      0x27f STM32F103Cx_Drivers/Implementation/STM32_GPIO.o
                                       0x992d (size before relaxing)
 .debug_str     0x0000000000009b48      0x1c6 STM32F103Cx_Drivers/Implementation/STM32_I2C.o
                                       0x9d82 (size before relaxing)
 .debug_str     0x0000000000009d0e       0xc2 STM32F103Cx_Drivers/Implementation/STM32_RCC.o
                                       0x981c (size before relaxing)
 .debug_str     0x0000000000009dd0      0x659 STM32F103Cx_Drivers/Implementation/STM32_SPI.o
                                       0x9e21 (size before relaxing)
 .debug_str     0x000000000000a429      0x740 STM32F103Cx_Drivers/Implementation/STM32_USART.o
                                       0x9f6e (size before relaxing)
 .debug_str     0x000000000000ab69     0x153d STM32F103Cx_Drivers/Implementation/STM32f10C8_EXTI.o
                                       0xac70 (size before relaxing)
 .debug_str     0x000000000000c0a6       0x2a Src/main.o
                                       0x9991 (size before relaxing)
 .debug_str     0x000000000000c0d0       0x31 Startup/startup_stm32f103c6tx.o
                                         0x8a (size before relaxing)

.comment        0x0000000000000000       0x7b
 .comment       0x0000000000000000       0x7b HAL/Implementation/I2C_Slave_EEPROM.o
                                         0x7c (size before relaxing)
 .comment       0x000000000000007b       0x7c STM32F103Cx_Drivers/Implementation/STM32_GPIO.o
 .comment       0x000000000000007b       0x7c STM32F103Cx_Drivers/Implementation/STM32_I2C.o
 .comment       0x000000000000007b       0x7c STM32F103Cx_Drivers/Implementation/STM32_RCC.o
 .comment       0x000000000000007b       0x7c STM32F103Cx_Drivers/Implementation/STM32_SPI.o
 .comment       0x000000000000007b       0x7c STM32F103Cx_Drivers/Implementation/STM32_USART.o
 .comment       0x000000000000007b       0x7c STM32F103Cx_Drivers/Implementation/STM32f10C8_EXTI.o
 .comment       0x000000000000007b       0x7c Src/main.o

.debug_frame    0x0000000000000000      0x96c
 .debug_frame   0x0000000000000000       0x80 HAL/Implementation/I2C_Slave_EEPROM.o
 .debug_frame   0x0000000000000080      0x238 STM32F103Cx_Drivers/Implementation/STM32_GPIO.o
 .debug_frame   0x00000000000002b8      0x16c STM32F103Cx_Drivers/Implementation/STM32_I2C.o
 .debug_frame   0x0000000000000424       0x8c STM32F103Cx_Drivers/Implementation/STM32_RCC.o
 .debug_frame   0x00000000000004b0      0x148 STM32F103Cx_Drivers/Implementation/STM32_SPI.o
 .debug_frame   0x00000000000005f8      0x14c STM32F103Cx_Drivers/Implementation/STM32_USART.o
 .debug_frame   0x0000000000000744      0x18c STM32F103Cx_Drivers/Implementation/STM32f10C8_EXTI.o
 .debug_frame   0x00000000000008d0       0x50 Src/main.o
 .debug_frame   0x0000000000000920       0x2c c:/st/stm32cubeide_1.4.0/stm32cubeide/plugins/com.st.stm32cube.ide.mcu.externaltools.gnu-tools-for-stm32.7-2018-q2-update.win32_1.4.0.202007081208/tools/bin/../lib/gcc/arm-none-eabi/7.3.1/../../../../arm-none-eabi/lib/thumb/v7-m\libc_nano.a(lib_a-init.o)
 .debug_frame   0x000000000000094c       0x20 c:/st/stm32cubeide_1.4.0/stm32cubeide/plugins/com.st.stm32cube.ide.mcu.externaltools.gnu-tools-for-stm32.7-2018-q2-update.win32_1.4.0.202007081208/tools/bin/../lib/gcc/arm-none-eabi/7.3.1/../../../../arm-none-eabi/lib/thumb/v7-m\libc_nano.a(lib_a-memset.o)
